2025-12-15 14:52:01 | INFO     | main:load_audio_from_base64:107 - Audio framerate: 48000 Hz
2025-12-15 14:52:26 | INFO     | main:process_asr:175 - taskType='ASR' output=[Output(source='স্বামীর ঠিকানায় ভোটার গোতে কি কী কাগজপত্র লাগে')] time_taken=25.109313011169434
2025-12-15 14:52:36 | INFO     | main:load_audio_from_base64:107 - Audio framerate: 48000 Hz
2025-12-15 14:52:37 | INFO     | main:process_asr:175 - taskType='ASR' output=[Output(source='হ্যালো')] time_taken=0.34426069259643555
2025-12-15 14:52:52 | INFO     | main:load_audio_from_base64:107 - Audio framerate: 48000 Hz
2025-12-15 14:52:53 | INFO     | main:process_asr:175 - taskType='ASR' output=[Output(source='কি ছিন্নমূল ভোটার হলে কোন ঠিকানা ব্যবহার করবে')] time_taken=0.7973904609680176
2025-12-15 14:52:59 | INFO     | main:load_audio_from_base64:107 - Audio framerate: 48000 Hz
2025-12-15 14:52:59 | INFO     | main:process_asr:175 - taskType='ASR' output=[Output(source='রবিতে জমা দেওয়ার পরতেদিন পর পতিত্নের জন্য এখানে কাসেন')] time_taken=0.6571950912475586
2025-12-15 14:53:02 | INFO     | main:load_audio_from_base64:107 - Audio framerate: 48000 Hz
2025-12-15 14:53:03 | INFO     | main:process_asr:175 - taskType='ASR' output=[Output(source='হ্যালো')] time_taken=0.4233424663543701
2025-12-15 14:53:18 | INFO     | main:load_audio_from_base64:107 - Audio framerate: 48000 Hz
2025-12-15 14:53:19 | INFO     | main:process_asr:175 - taskType='ASR' output=[Output(source='তিনতু জন্মবিদেশে কিন্তু বিদ্যা বাংলাদেশে সেক্ষেত্রে কি কি কাগজপত্র দিতে পারি')] time_taken=0.812675952911377
2025-12-15 14:53:25 | INFO     | main:load_audio_from_base64:107 - Audio framerate: 48000 Hz
2025-12-15 14:53:25 | INFO     | main:process_asr:175 - taskType='ASR' output=[Output(source='নতুন বন্য আবেদনকারী স্টেটা পাপলনি করমীয় বাহিনী')] time_taken=0.6776072978973389
2025-12-15 14:53:32 | INFO     | main:load_audio_from_base64:107 - Audio framerate: 48000 Hz
2025-12-15 14:53:33 | INFO     | main:process_asr:175 - taskType='ASR' output=[Output(source='আবার কতদিন পরে এনআইডি নম্বর পাওয়া সম্ভবহ্যালো')] time_taken=0.7966387271881104
2025-12-15 14:53:37 | INFO     | main:load_audio_from_base64:107 - Audio framerate: 48000 Hz
2025-12-15 14:53:37 | INFO     | main:process_asr:175 - taskType='ASR' output=[Output(source='উপ জেলা থেকে ছবি')] time_taken=0.41622185707092285
2025-12-15 14:53:45 | INFO     | main:load_audio_from_base64:107 - Audio framerate: 48000 Hz
2025-12-15 14:53:46 | INFO     | main:process_asr:175 - taskType='ASR' output=[Output(source='উপজেলা থেকে ছবি তোলার পর আবার ছবি তুলতে ও কাগজপত্র জমা দিতে এখনের শেষেটি কী করব')] time_taken=0.8706867694854736
2025-12-15 14:54:14 | INFO     | main:load_audio_from_base64:107 - Audio framerate: 48000 Hz
2025-12-15 14:54:15 | INFO     | main:process_asr:175 - taskType='ASR' output=[Output(source='আমার এনআইডি নাম পরিবর্তন করতে হবে কী করতে হবে')] time_taken=1.1102886199951172
2025-12-15 14:54:30 | INFO     | main:load_audio_from_base64:107 - Audio framerate: 48000 Hz
2025-12-15 14:54:30 | INFO     | main:process_asr:175 - taskType='ASR' output=[Output(source='মাইগ্রেশন করতে কত টাকা লাগে')] time_taken=0.5047919750213623
2025-12-15 14:54:44 | INFO     | main:load_audio_from_base64:107 - Audio framerate: 48000 Hz
2025-12-15 14:54:45 | INFO     | main:process_asr:175 - taskType='ASR' output=[Output(source='নমককে টেস খাল রা নাম মকামরি কবে')] time_taken=1.2851738929748535
2025-12-15 14:54:49 | INFO     | main:load_audio_from_base64:107 - Audio framerate: 48000 Hz
2025-12-15 14:54:50 | INFO     | main:process_asr:175 - taskType='ASR' output=[Output(source='া তাকি দিতে হয় কি না')] time_taken=0.510728120803833
2025-12-15 14:54:59 | INFO     | main:load_audio_from_base64:107 - Audio framerate: 48000 Hz
2025-12-15 14:55:00 | INFO     | main:process_asr:175 - taskType='ASR' output=[Output(source='হা')] time_taken=0.36348700523376465
2025-12-15 14:55:09 | INFO     | main:load_audio_from_base64:107 - Audio framerate: 48000 Hz
2025-12-15 14:55:10 | INFO     | main:process_asr:175 - taskType='ASR' output=[Output(source='দি নতুন ভোটার হিসেবে অনলাইনে কিভাবে আবেদন করব')] time_taken=0.6735413074493408
2025-12-15 14:55:26 | INFO     | main:load_audio_from_base64:107 - Audio framerate: 48000 Hz
2025-12-15 14:55:27 | INFO     | main:process_asr:175 - taskType='ASR' output=[Output(source='অনলাইনে কি ধরনের আবেদন করা যায়')] time_taken=0.5400142669677734
2025-12-15 14:55:46 | INFO     | main:load_audio_from_base64:107 - Audio framerate: 48000 Hz
2025-12-15 14:55:47 | INFO     | main:process_asr:175 - taskType='ASR' output=[Output(source='অনলাইনে কি ধরনের আবেদন করা যায় না')] time_taken=0.5934736728668213
2025-12-15 14:56:04 | INFO     | main:load_audio_from_base64:107 - Audio framerate: 48000 Hz
2025-12-15 14:56:04 | INFO     | main:process_asr:175 - taskType='ASR' output=[Output(source='এনআইডি অনলাইন পোর্টালে রেজিস্ট্রেশন করবো কিভাবে')] time_taken=0.5646393299102783
2025-12-15 14:56:40 | INFO     | main:load_audio_from_base64:107 - Audio framerate: 48000 Hz
2025-12-15 14:56:40 | INFO     | main:process_asr:175 - taskType='ASR' output=[Output(source='বিলকে অন লিঙে দেওয়ার সুযোগ আছে কি অ্যানআইডি')] time_taken=0.5487580299377441
2025-12-15 14:56:59 | INFO     | main:load_audio_from_base64:107 - Audio framerate: 48000 Hz
2025-12-15 14:57:00 | INFO     | main:process_asr:175 - taskType='ASR' output=[Output(source='হ্যালো হ্যালো ম্যাচ মাউন্ড ঠিক করার জন্য কোনো পিল দিতে হবে')] time_taken=0.9318249225616455
2025-12-15 15:24:44 | INFO     | main:load_audio_from_base64:107 - Audio framerate: 48000 Hz
2025-12-15 15:24:47 | INFO     | main:process_asr:175 - taskType='ASR' output=[Output(source='আমি ভুলক্রমে দুইবারে জাতীয় পরিচয়পত্র করেছি এখন দুইটি জাতীয় পরিচয়পত্র লক হয়ে আছেকোনো কাজ করতে পারছি না প্রথমবার যে সময় জাতীয় পরিচয়পত্র কুরছি সেটার জন্মদারিক আমার শিক্ষাসনাদের সঙ্গে মিলছে না তবে দ্বিতীয়টির সঙ্গে মিল রয়েছে এখন কী করব')] time_taken=2.4065144062042236
2025-12-15 15:25:04 | INFO     | main:load_audio_from_base64:107 - Audio framerate: 48000 Hz
2025-12-15 15:25:06 | INFO     | main:process_asr:175 - taskType='ASR' output=[Output(source='আমি ভুলক্রমে দুইবারে জন্মনিবেনধন করেছি দুটি জন্মনিবন্ধনের তারিখাভিন্ন এখন জাতীয় পরিষদধন সংশোধনের জন্য আবেদন করেছি কিন্তু সংশাধন কর্তৃপক্ষ জানিয়েছে যে দুইটি জ্নিবন্ধন অনলাইনে বিদ্যমান থাকায় আমার আবেদন বাতিল')] time_taken=2.259110689163208
2025-12-15 15:25:19 | INFO     | main:load_audio_from_base64:107 - Audio framerate: 48000 Hz
2025-12-15 15:25:21 | INFO     | main:process_asr:175 - taskType='ASR' output=[Output(source='পিতামাতা মারা যাওয়ায় একজন লালন বালন করে ভোটারোওয়ার সময় পালক পিতামাতার নামেই ভোটা রয়েছে এখন তারা পরকৃত মৃত্যমা নয় কী করতে হবে')] time_taken=1.5970759391784668
2025-12-15 15:28:00 | INFO     | main:load_audio_from_base64:107 - Audio framerate: 48000 Hz
2025-12-15 15:28:01 | INFO     | main:process_asr:175 - taskType='ASR' output=[Output(source='এনআইডি সংশোধনের জন্য অনলাইনে আবেদন করার এড্রেস কি')] time_taken=0.7602741718292236
2025-12-15 15:28:14 | INFO     | main:load_audio_from_base64:107 - Audio framerate: 48000 Hz
2025-12-15 15:28:15 | INFO     | main:process_asr:175 - taskType='ASR' output=[Output(source='আচ্ছা হ্যালো হ্যালো এনআইডি কারেকশন করব কোন ওয়েবসাইটে ঢুকতে হবে')] time_taken=0.8364710807800293
2025-12-15 15:28:27 | INFO     | main:load_audio_from_base64:107 - Audio framerate: 48000 Hz
2025-12-15 15:28:28 | INFO     | main:process_asr:175 - taskType='ASR' output=[Output(source='এনআইডি পোর্টালের অ্যড্রেস জানতে চাই')] time_taken=0.49840879440307617
2025-12-15 15:28:36 | INFO     | main:load_audio_from_base64:107 - Audio framerate: 48000 Hz
2025-12-15 15:28:36 | INFO     | main:process_asr:175 - taskType='ASR' output=[Output(source='হ্যালো হ্যালো নতুন ভোটার হতে চাই')] time_taken=0.6040225028991699
2025-12-15 15:28:44 | INFO     | main:load_audio_from_base64:107 - Audio framerate: 48000 Hz
2025-12-15 15:28:45 | INFO     | main:process_asr:175 - taskType='ASR' output=[Output(source='হ্যালো আমি হ্যালো আমি জাতীয় পরিচয় গত্র করতে চাই')] time_taken=0.6472129821777344
2025-12-15 15:28:58 | INFO     | main:load_audio_from_base64:107 - Audio framerate: 48000 Hz
2025-12-15 15:28:58 | INFO     | main:process_asr:175 - taskType='ASR' output=[Output(source='নতুন এনআইডি কার্ড করতে কি করব')] time_taken=0.5426599979400635
2025-12-15 15:29:08 | INFO     | main:load_audio_from_base64:107 - Audio framerate: 48000 Hz
2025-12-15 15:29:09 | INFO     | main:process_asr:175 - taskType='ASR' output=[Output(source='হ্যালো হ্যালো নতুন নিবন্ধনের জন্য কি কি ডকুমেন্ট জমা দিতে হয়')] time_taken=0.8173832893371582
2025-12-15 15:29:20 | INFO     | main:load_audio_from_base64:107 - Audio framerate: 48000 Hz
2025-12-15 15:29:21 | INFO     | main:process_asr:175 - taskType='ASR' output=[Output(source='হ্যালো আমার এনআইডি কার্ড তথ্য বুল আছে কি করব')] time_taken=0.76924729347229
2025-12-15 15:29:31 | INFO     | main:load_audio_from_base64:107 - Audio framerate: 48000 Hz
2025-12-15 15:29:31 | INFO     | main:process_asr:175 - taskType='ASR' output=[Output(source='হ্যালো হ্যালো এনআইডি কার্ডে নিজ নামের সংশোধনের জন্য কি ডকুমেন্টস লাগবে')] time_taken=0.9385800361633301
2025-12-15 15:29:44 | INFO     | main:load_audio_from_base64:107 - Audio framerate: 48000 Hz
2025-12-15 15:29:45 | INFO     | main:process_asr:175 - taskType='ASR' output=[Output(source='হ্যালো এনআইডি কার্ডে পিতামাতার নাম সংশোধনের জন্য কি ডকুমেন্টস লাগবে')] time_taken=0.9068937301635742
2025-12-15 15:29:55 | INFO     | main:load_audio_from_base64:107 - Audio framerate: 48000 Hz
2025-12-15 15:29:56 | INFO     | main:process_asr:175 - taskType='ASR' output=[Output(source='হ্যালো হ্যালো স্বামীর ঠিকানায় ভোটার হুতে কি কি কাগজপত্র লাগে')] time_taken=0.8136816024780273
2025-12-17 10:50:33 | INFO     | main:load_audio_from_base64:107 - Audio framerate: 48000 Hz
2025-12-17 10:50:34 | INFO     | main:process_asr:175 - taskType='ASR' output=[Output(source='ডায়রিকান যত্ন হলে কী করতে হবে')] time_taken=0.6172676086425781
2025-12-17 10:50:45 | INFO     | main:load_audio_from_base64:107 - Audio framerate: 48000 Hz
2025-12-17 10:50:46 | INFO     | main:process_asr:175 - taskType='ASR' output=[Output(source='আমার আর ভাবা অধিকার ছাড়িয়ে গেছে নতুন করে বানাতে চাই কী করতে হবে')] time_taken=0.9396877288818359
2025-12-17 10:50:56 | INFO     | main:load_audio_from_base64:107 - Audio framerate: 48000 Hz
2025-12-17 10:50:57 | INFO     | main:process_asr:175 - taskType='ASR' output=[Output(source='আমি আমারর কোন প্রশ্ন নেই')] time_taken=0.7955291271209717
2025-12-17 14:19:07 | INFO     | main:load_audio_from_base64:107 - Audio framerate: 48000 Hz
2025-12-17 14:19:12 | INFO     | main:process_asr:175 - taskType='ASR' output=[Output(source='হ্যাু হ্যালো আমি ভোটের এনআইডি দাড়াবো কী করব')] time_taken=4.708179712295532
2025-12-17 14:19:21 | INFO     | main:load_audio_from_base64:107 - Audio framerate: 48000 Hz
2025-12-17 14:19:22 | INFO     | main:process_asr:175 - taskType='ASR' output=[Output(source='হ্যাআমার ভাটোয়ডিকাট হারিয়ে গেছে কী করব')] time_taken=0.6364903450012207
2025-12-17 14:19:37 | INFO     | main:load_audio_from_base64:107 - Audio framerate: 48000 Hz
2025-12-17 14:19:38 | INFO     | main:process_asr:175 - taskType='ASR' output=[Output(source='হ্যালো ওোটা হারিক্যাট হারিয়ে গেছে কী করব')] time_taken=0.9297292232513428
2025-12-17 14:23:52 | INFO     | main:load_audio_from_base64:107 - Audio framerate: 48000 Hz
2025-12-17 14:23:53 | INFO     | main:process_asr:175 - taskType='ASR' output=[Output(source='কুুন করব খুন করে মায়ের শুরববি করব')] time_taken=0.9828019142150879
2025-12-17 14:24:07 | INFO     | main:load_audio_from_base64:107 - Audio framerate: 48000 Hz
2025-12-17 14:24:08 | INFO     | main:process_asr:175 - taskType='ASR' output=[Output(source='সনমলে বেরে বয়ে কার মতেচিনানার কবিসাা ক কারণে খুন করার চনা কিছু পারালে তো না')] time_taken=1.4285762310028076
2025-12-17 14:24:17 | INFO     | main:load_audio_from_base64:107 - Audio framerate: 48000 Hz
2025-12-17 14:24:18 | INFO     | main:process_asr:175 - taskType='ASR' output=[Output(source='লেক্ষুণ করতে চাচ্ছি কি করব')] time_taken=0.5897932052612305
2025-12-17 16:21:50 | INFO     | main:load_audio_from_base64:107 - Audio framerate: 48000 Hz
2025-12-17 16:21:51 | INFO     | main:process_asr:175 - taskType='ASR' output=[Output(source='হ্যালো ভোটাডি কার্ড বানাতে যাচ্ছি কি করতে হবে')] time_taken=1.077768087387085
2025-12-17 16:22:01 | INFO     | main:load_audio_from_base64:107 - Audio framerate: 48000 Hz
2025-12-17 16:22:02 | INFO     | main:process_asr:175 - taskType='ASR' output=[Output(source='ভোটার এনআইডি কার্ড হারিয়ে গেছে কী করব')] time_taken=0.6857573986053467
2025-12-17 16:22:15 | INFO     | main:load_audio_from_base64:107 - Audio framerate: 48000 Hz
2025-12-17 16:22:16 | INFO     | main:process_asr:175 - taskType='ASR' output=[Output(source='ধন্যবাদ আমার আর কোনো প্রশ্ন নেই রো ধন্য')] time_taken=0.9014158248901367
2025-12-17 16:42:47 | INFO     | main:load_audio_from_base64:107 - Audio framerate: 48000 Hz
2025-12-17 16:42:48 | INFO     | main:process_asr:175 - taskType='ASR' output=[Output(source='ভোটার এনআইডি কার্ড বানাব নতুন করে হারিয়ে গেছে কী করব')] time_taken=1.2136788368225098
2025-12-17 16:42:58 | INFO     | main:load_audio_from_base64:107 - Audio framerate: 48000 Hz
2025-12-17 16:42:59 | INFO     | main:process_asr:175 - taskType='ASR' output=[Output(source='আমি একজন আমি একজন লাইব্যাজেন্টের সাথে কথা বলতে চাই')] time_taken=0.6631488800048828
2025-12-17 16:59:58 | INFO     | main:load_audio_from_base64:107 - Audio framerate: 48000 Hz
2025-12-17 16:59:59 | INFO     | main:process_asr:175 - taskType='ASR' output=[Output(source='টাডিকাড বানাব কী করতে হবে')] time_taken=1.009141445159912
2025-12-17 17:00:06 | INFO     | main:load_audio_from_base64:107 - Audio framerate: 48000 Hz
2025-12-17 17:00:07 | INFO     | main:process_asr:175 - taskType='ASR' output=[Output(source='ব্রাডলেন তমস্থে কথা গোটা আর্ডিকাট হারিয়ে গেছে কী করতে পারি')] time_taken=0.8110542297363281
2025-12-17 17:00:19 | INFO     | main:load_audio_from_base64:107 - Audio framerate: 48000 Hz
2025-12-17 17:00:19 | INFO     | main:process_asr:175 - taskType='ASR' output=[Output(source='কিু টায়ডি গার্ড মালদ্ব কী করতে হবে')] time_taken=0.660212516784668
2025-12-17 17:00:36 | INFO     | main:load_audio_from_base64:107 - Audio framerate: 48000 Hz
2025-12-17 17:00:37 | INFO     | main:process_asr:175 - taskType='ASR' output=[Output(source='ভোটার আডেকার বানাব ভোটার আডিকারজ হারিয়ে গেছে কী করব')] time_taken=0.6590549945831299
2025-12-17 17:06:14 | INFO     | main:load_audio_from_base64:107 - Audio framerate: 48000 Hz
2025-12-17 17:06:15 | INFO     | main:process_asr:175 - taskType='ASR' output=[Output(source='ভোটার এনআইডি কার্ড হালায়ে গেছে কী করব')] time_taken=0.9993877410888672
2025-12-17 17:08:13 | INFO     | main:load_audio_from_base64:107 - Audio framerate: 48000 Hz
2025-12-17 17:08:13 | INFO     | main:process_asr:175 - taskType='ASR' output=[Output(source='ওটা আেরিকার নাই কী করতাম')] time_taken=0.5583198070526123
2025-12-17 17:48:44 | INFO     | main:load_audio_from_base64:107 - Audio framerate: 48000 Hz
2025-12-17 17:48:45 | INFO     | main:process_asr:175 - taskType='ASR' output=[Output(source='তিনি মর্নিং িশেবতে জানপলান')] time_taken=0.4898998737335205
2025-12-17 17:48:53 | INFO     | main:load_audio_from_base64:107 - Audio framerate: 48000 Hz
2025-12-17 17:48:53 | INFO     | main:process_asr:175 - taskType='ASR' output=[Output(source='অালোও')] time_taken=0.3526902198791504
2025-12-17 17:48:58 | INFO     | main:load_audio_from_base64:107 - Audio framerate: 48000 Hz
2025-12-17 17:48:58 | INFO     | main:process_asr:175 - taskType='ASR' output=[Output(source='খলা একটি ধরনের সেবা দান করেন')] time_taken=0.6052126884460449
2025-12-17 17:49:09 | INFO     | main:load_audio_from_base64:107 - Audio framerate: 48000 Hz
2025-12-17 17:49:09 | INFO     | main:process_asr:175 - taskType='ASR' output=[Output(source='বেদান করেন')] time_taken=0.3543212413787842
2025-12-17 17:49:23 | INFO     | main:load_audio_from_base64:107 - Audio framerate: 48000 Hz
2025-12-17 17:49:24 | INFO     | main:process_asr:175 - taskType='ASR' output=[Output(source='চলতে আপনিধরনের সেবা প্রদান করেন আমি আপনার কাছ থেকে কী ধরনের সেবা পেতে পারি')] time_taken=0.9580667018890381
2025-12-17 17:55:50 | INFO     | main:load_audio_from_base64:107 - Audio framerate: 48000 Hz
2025-12-17 17:55:51 | INFO     | main:process_asr:175 - taskType='ASR' output=[Output(source='মিকনি র এখান থেকে কী কী ধরনের সেমতাব পনার কাছ থেকে কী ধরনের সেবা পাব')] time_taken=1.5947749614715576
2025-12-17 17:56:00 | INFO     | main:load_audio_from_base64:107 - Audio framerate: 48000 Hz
2025-12-17 17:56:01 | INFO     | main:process_asr:175 - taskType='ASR' output=[Output(source='থেকে অনে কই ধরনের সেবা পেতে পারি')] time_taken=0.6053242683410645
2025-12-17 17:56:13 | INFO     | main:load_audio_from_base64:107 - Audio framerate: 48000 Hz
2025-12-17 17:56:14 | INFO     | main:process_asr:175 - taskType='ASR' output=[Output(source='নানানার হ্ছে এরদেরি মিচার পর থেকে কি তয়নিসেবা পাব')] time_taken=0.7884504795074463
2025-12-18 11:46:46 | INFO     | main:load_audio_from_base64:107 - Audio framerate: 48000 Hz
2025-12-18 11:46:47 | INFO     | main:process_asr:175 - taskType='ASR' output=[Output(source='হ্যালো মা নামজারি করতে কী করতে হবে')] time_taken=0.629927396774292
2025-12-18 11:47:02 | INFO     | main:load_audio_from_base64:107 - Audio framerate: 48000 Hz
2025-12-18 11:47:02 | INFO     | main:process_asr:175 - taskType='ASR' output=[Output(source='ছাকা আমি একের মাইরে জনদির সাথে কথা বলতে চালে')] time_taken=0.5513076782226562
2025-12-18 12:59:50 | INFO     | main:load_audio_from_base64:107 - Audio framerate: 48000 Hz
2025-12-18 12:59:54 | INFO     | main:process_asr:175 - taskType='ASR' output=[Output(source='হ্যালোও')] time_taken=4.4095399379730225
2025-12-18 13:06:21 | INFO     | main:load_audio_from_base64:107 - Audio framerate: 48000 Hz
2025-12-18 13:06:22 | INFO     | main:process_asr:175 - taskType='ASR' output=[Output(source='আলেখাানি া কাবিে প বাজকে নিয়াছাত্রছবি চা')] time_taken=1.6622231006622314
2025-12-18 13:09:04 | INFO     | main:load_audio_from_base64:107 - Audio framerate: 48000 Hz
2025-12-18 13:09:04 | INFO     | main:process_asr:175 - taskType='ASR' output=[Output(source='রামজাড়ি করতে হলে কি করতে হবে')] time_taken=0.5675380229949951
2025-12-18 13:09:18 | INFO     | main:load_audio_from_base64:107 - Audio framerate: 48000 Hz
2025-12-18 13:09:18 | INFO     | main:process_asr:175 - taskType='ASR' output=[Output(source='তনি একজনঅন্য একজন লাইবাজেন্টের সাথে কথা বলতে চাই')] time_taken=0.5934498310089111
2025-12-18 13:10:00 | INFO     | main:load_audio_from_base64:107 - Audio framerate: 48000 Hz
2025-12-18 13:10:01 | INFO     | main:process_asr:175 - taskType='ASR' output=[Output(source='ধন্যবাদ কলটি কেটে দেন')] time_taken=0.4683377742767334
2025-12-18 13:13:23 | INFO     | main:load_audio_from_base64:107 - Audio framerate: 48000 Hz
2025-12-18 13:13:23 | INFO     | main:process_asr:175 - taskType='ASR' output=[Output(source='ধন্যবাদ কলটি কেটে দেন')] time_taken=0.5100820064544678
2025-12-18 13:15:57 | INFO     | main:load_audio_from_base64:107 - Audio framerate: 48000 Hz
2025-12-18 13:15:58 | INFO     | main:process_asr:175 - taskType='ASR' output=[Output(source='ধন্যবাদ কন্ডিকেট গুন')] time_taken=0.4431486129760742
2025-12-18 13:18:44 | INFO     | main:load_audio_from_base64:107 - Audio framerate: 48000 Hz
2025-12-18 13:18:45 | INFO     | main:process_asr:175 - taskType='ASR' output=[Output(source='ধন্যবাদ কাল্টিকেটে মেনো')] time_taken=0.4706740379333496
2025-12-18 13:21:01 | INFO     | main:load_audio_from_base64:107 - Audio framerate: 48000 Hz
2025-12-18 13:21:03 | INFO     | main:process_asr:175 - taskType='ASR' output=[Output(source='ধন্যবাদ কালটি কেটেদেন তবজেরা হরে এর পেনি নিতে কেনধন্যবাদ কলটি কেটে দেন')] time_taken=1.8030924797058105
2025-12-18 13:23:26 | INFO     | main:load_audio_from_base64:107 - Audio framerate: 48000 Hz
2025-12-18 13:23:27 | INFO     | main:process_asr:175 - taskType='ASR' output=[Output(source='ধন্যবাদ কলটি কেটে দানি')] time_taken=0.5232975482940674
2025-12-18 13:27:30 | INFO     | main:load_audio_from_base64:107 - Audio framerate: 48000 Hz
2025-12-18 13:27:30 | INFO     | main:process_asr:175 - taskType='ASR' output=[Output(source='হ্যালো')] time_taken=0.3905763626098633
2025-12-18 13:28:38 | INFO     | main:load_audio_from_base64:107 - Audio framerate: 48000 Hz
2025-12-18 13:28:38 | INFO     | main:process_asr:175 - taskType='ASR' output=[Output(source='ধন্যবাদ কলপে কেটেদেন')] time_taken=0.4284963607788086
2025-12-18 13:54:06 | INFO     | main:load_audio_from_base64:107 - Audio framerate: 48000 Hz
2025-12-18 13:54:11 | INFO     | main:process_asr:175 - taskType='ASR' output=[Output(source='ধন্যবাদ গলটি কেটে দিন')] time_taken=4.487645626068115
2025-12-18 14:00:28 | INFO     | main:load_audio_from_base64:107 - Audio framerate: 48000 Hz
2025-12-18 14:00:28 | INFO     | main:process_asr:175 - taskType='ASR' output=[Output(source='ধন্যবাদ কল্টি কেটে দিন')] time_taken=0.4619009494781494
2025-12-18 14:04:00 | INFO     | main:load_audio_from_base64:107 - Audio framerate: 48000 Hz
2025-12-18 14:04:00 | INFO     | main:process_asr:175 - taskType='ASR' output=[Output(source='ধন্যবাদ বলটি কেটে দিন')] time_taken=0.5847713947296143
2025-12-18 14:09:33 | INFO     | main:load_audio_from_base64:107 - Audio framerate: 48000 Hz
2025-12-18 14:09:34 | INFO     | main:process_asr:175 - taskType='ASR' output=[Output(source='ধন্যবাদ কলটি কেটে দেন')] time_taken=0.47960329055786133
2025-12-18 14:22:34 | INFO     | main:load_audio_from_base64:107 - Audio framerate: 48000 Hz
2025-12-18 14:22:36 | INFO     | main:process_asr:175 - taskType='ASR' output=[Output(source='ধন্যবাদ কালটি কেটে দেন')] time_taken=1.3265016078948975
2025-12-18 14:25:02 | INFO     | main:load_audio_from_base64:107 - Audio framerate: 48000 Hz
2025-12-18 14:25:03 | INFO     | main:process_asr:175 - taskType='ASR' output=[Output(source='ধন্যবাদ কন্টিকেটের জন্য')] time_taken=0.8486952781677246
2025-12-18 14:40:23 | INFO     | main:load_audio_from_base64:107 - Audio framerate: 48000 Hz
2025-12-18 14:40:23 | INFO     | main:process_asr:175 - taskType='ASR' output=[Output(source='আমদারি করতে কি করতে হবে')] time_taken=0.5229344367980957
2025-12-18 14:40:33 | INFO     | main:load_audio_from_base64:107 - Audio framerate: 48000 Hz
2025-12-18 14:40:33 | INFO     | main:process_asr:175 - taskType='ASR' output=[Output(source='আমার এখনো কশান নাই ধন্যবাদ')] time_taken=0.561147928237915
